div.cka-exam-tip
div.diagram-container
«§2.1»
section.section-block
«§2.2»
section.section-block
«§2.3»
section.section-block
«§2.4»
section.section-block
«§2.5»
section.section-block
«§2.6»
section.section-block
«2.7 IMAGES IN KUBERNETES — official-docs enrichment»
section.section-block
«UNDER THE HOOD»
details.uth
«KEY TAKEAWAYS»
div.key-takeaways
«GOTCHAS»
div.cka-gotcha
«SPEED TIPS»
div.cka-speed-tip
«COMMANDS»
h3.section-h
«DRILL»
div.info-box tip
«LAB Q&A — CONCEPT CHECK»
div.cka-exam-questions lab
«SCENARIO & COMMAND DRILLS»
div.cka-exam-questions drills
«VISUAL SUMMARY»
div.visual-summary