
===== ch1 =====
 1  div.chapter-intro                Chapter 1 · What Is Kubernetes &amp; Why Administrators Need It
 2  div.learning-objectives          🎯 What You'll Learn
 3  div.cka-chapter-relevance        
 4  div.cka-exam-tip                 🎯 Why "Why" Matters on the CKA
 5  div.diagram-container            
 6    «marker»                       §1.1
 7  section.section-block            1.1 The Problem Before Kubernetes
 8    «marker»                       §1.2
 9  section.section-block            1.2 What Is Kubernetes? (The Simple Answer)
10    «marker»                       §1.3
11  section.section-block            1.3 The CKA Perspective: Administrator vs Developer
12    «marker»                       §1.4
13  section.section-block            1.4 Kubernetes Core Concepts — The Big Picture
14    «marker»                       §1.5
15  section.section-block            1.5 The Kubernetes Ecosystem
16    «marker»                       §1.6
17  section.section-block            1.6 How Companies Use Kubernetes (a day in an admin's life)
18    «marker»                       1.7 OBJECT MODEL & API — official-docs enrichment
19  section.section-block            1.7 The Object Model &amp; the Kubernetes API
20    «marker»                       UNDER THE HOOD
21  details.uth                      
22    «marker»                       KEY TAKEAWAYS
23  div.key-takeaways                🔑 Key Takeaways
24    «marker»                       GOTCHAS
25  div.cka-gotcha                   ⚠️ Common Gotchas &amp; Misconceptions
26    «marker»                       SPEED TIPS
27  div.cka-speed-tip                ⚡ Speed Tips
28    «marker»                       COMMANDS
29  h3.section-h                     🔑 Commands to Know (Chapter 1)
30  div.code-block-wrapper           
31    «marker»                       DRILL
32  div.info-box tip                 🧪 Drill
33    «marker»                       LAB Q&A
34  div.cka-exam-questions lab       🧠 Chapter 1 — Lab Q&amp;A · Concept Check (10)
35  div.cka-exam-questions drills    ⚙️ Chapter 1 — Scenario &amp; Command Drills (10)
36    «marker»                       VISUAL SUMMARY
37  div.visual-summary               

===== ch13 =====
 1  div.chapter-intro                Chapter 13 · Deployments, ReplicaSets &amp; Scaling
 2  div.learning-objectives          🎯 What You'll Learn
 3  div.cka-chapter-relevance        
 4    «marker»                       CHAPTER ROADMAP
 5  div.chapter-placeholder          🧭 Chapter Roadmap
 6    «marker»                       SECTION TOC
 7  div.chapter-placeholder          🗂️ Section TOC
 8  div.cka-exam-tip                 Deployments Are CKA Exam Bread &amp; Butter
 9  div.section-block                13.1 Deployments — Complete Lifecycle
10  div.section-block                13.2 ReplicaSets — Under the Hood
11  div.section-block                13.3 Horizontal Pod Autoscaler (HPA)
12  div.section-block                13.4 Deployment Strategies
13    «marker»                       UNDER THE HOOD
14  details.uth                      🗺️ Rolling Update — Step-by-Step with ReplicaSet Math
15    «marker»                       KEY TAKEAWAYS
16  div.chapter-placeholder          🔑 Key Takeaways
17    «marker»                       GOTCHAS
18  div.cka-gotcha                   ⚠️ CKA Gotcha: Deployment &amp; Rollout Traps
19    «marker»                       SPEED TIPS
20  div.cka-speed-tip                
21    «marker»                       COMMANDS
22  h3.section-h                     🔑 Commands to Know (Chapter 13)
23  div.comparison-table             
24    «marker»                       PRACTICE DRILL
25  div.info-box note                📝 Chapter 13 Practice Drill
26    «marker»                       LAB Q&A
27  div.cka-exam-questions lab       🧠 Chapter 13 — Lab Q&amp;A · Concept Check
28    «marker»                       SCENARIO & COMMAND DRILLS
29  div.chapter-placeholder          ⚙️ Chapter 13 — Scenario &amp; Command Drills
30    «marker»                       VISUAL SUMMARY
31  div.chapter-placeholder          📌 Chapter 13 Visual Summary