
===== ch1 =====
 1 div.chapter-intro              Chapter 1 · What Is Kubernetes &amp; Why Administrators Need
 2 div.learning-objectives        🎯 What You'll Learn
 3 div.cka-chapter-relevance      
 4   «CHAPTER ROADMAP»
 5 div.diagram-container          
 6   «SECTION TOC»
 7 div.chapter-placeholder        🗂️ Section TOC
 8 div.cka-exam-tip               🎯 Why "Why" Matters on the CKA
 9   «§1.1»
10 section.section-block          1.1 The Problem Before Kubernetes
11   «§1.2»
12 section.section-block          1.2 What Is Kubernetes? (The Simple Answer)
13   «§1.3»
14 section.section-block          1.3 The CKA Perspective: Administrator vs Developer
15   «§1.4»
16 section.section-block          1.4 Kubernetes Core Concepts — The Big Picture
17   «§1.5»
18 section.section-block          1.5 The Kubernetes Ecosystem
19   «§1.6»
20 section.section-block          1.6 How Companies Use Kubernetes (a day in an admin's life)
21   «1.7 OBJECT MODEL & API — official-docs enrichment»
22 section.section-block          1.7 The Object Model &amp; the Kubernetes API
23   «UNDER THE HOOD»
24 details.uth                    
25   «KEY TAKEAWAYS»
26 div.key-takeaways              🔑 Key Takeaways
27   «GOTCHAS»
28 div.cka-gotcha                 ⚠️ Common Gotchas &amp; Misconceptions
29   «SPEED TIPS»
30 div.cka-speed-tip              ⚡ Speed Tips
31   «COMMANDS»
32 h3.section-h                   🔑 Commands to Know (Chapter 1)
33 div.code-block-wrapper         
34   «DRILL»
35 div.info-box tip               🧪 Drill
36   «LAB Q&A»
37 div.cka-exam-questions lab     🧠 Chapter 1 — Lab Q&amp;A · Concept Check (10)
38 div.cka-exam-questions drills  ⚙️ Chapter 1 — Scenario &amp; Command Drills (10)
39   «VISUAL SUMMARY»
40 div.visual-summary             

===== ch13 =====
 1 div.chapter-intro              Chapter 13 · Deployments, ReplicaSets &amp; Scaling
 2 div.learning-objectives        🎯 What You'll Learn
 3 div.cka-chapter-relevance      
 4   «CHAPTER ROADMAP»
 5 div.chapter-placeholder        🧭 Chapter Roadmap
 6   «SECTION TOC»
 7 div.chapter-placeholder        🗂️ Section TOC
 8 div.cka-exam-tip               Deployments Are CKA Exam Bread &amp; Butter
 9   «§13.1»
10 section.section-block          13.1 Deployments — Complete Lifecycle
11   «§13.2»
12 section.section-block          13.2 ReplicaSets — Under the Hood
13   «§13.3»
14 section.section-block          13.3 Horizontal Pod Autoscaler (HPA)
15   «§13.4»
16 section.section-block          13.4 Deployment Strategies
17   «UNDER THE HOOD»
18 details.uth                    🗺️ Rolling Update — Step-by-Step with ReplicaSet Math
19   «KEY TAKEAWAYS»
20 div.chapter-placeholder        🔑 Key Takeaways
21   «GOTCHAS»
22 div.cka-gotcha                 ⚠️ Common Gotchas &amp; Misconceptions
23   «SPEED TIPS»
24 div.cka-speed-tip              ⚡ Speed Tips
25   «COMMANDS»
26 h3.section-h                   🔑 Commands to Know (Chapter 13)
27 div.comparison-table           
28   «PRACTICE DRILL»
29 div.info-box tip               🧪 Drill
30   «LAB Q&A»
31 div.cka-exam-questions lab     🧠 Chapter 13 — Lab Q&amp;A · Concept Check (10)
32   «SCENARIO & COMMAND DRILLS»
33 div.chapter-placeholder        ⚙️ Chapter 13 — Scenario &amp; Command Drills
34   «VISUAL SUMMARY»
35 div.chapter-placeholder        📌 Chapter 13 Visual Summary