div.chapter-intro
div.learning-objectives
div.cka-chapter-relevance
«CHAPTER ROADMAP»
div.chapter-placeholder
«SECTION TOC»
div.chapter-placeholder
div.cka-exam-tip
«§14.1»
section.section-block
«§14.2»
section.section-block
«§14.3»
section.section-block
«§14.4»
section.section-block
«§14.5»
section.section-block
«§14.6»
section.section-block
«§14.7»
section.section-block
«§14.8»
section.section-block
«§14.9»
section.section-block
«UNDER THE HOOD»
details.uth
«KEY TAKEAWAYS»
div.chapter-placeholder
«GOTCHAS»
div.cka-gotcha
«SPEED TIPS»
div.cka-speed-tip
«COMMANDS»
h3.section-h
«PRACTICE DRILL»
div.info-box tip
«LAB Q&A»
div.cka-exam-questions lab
«SCENARIO & COMMAND DRILLS»
div.chapter-placeholder
«VISUAL SUMMARY»
div.chapter-placeholder