ch14         sec= 9/div LO=Y REL=Y ET=Y | uth=1 KT=. GO=Y SP=Y CMD=Y DRILL=Y VS=. | eq=1(plain)
ch15         sec= 4/div LO=Y REL=Y ET=Y | uth=1 KT=. GO=Y SP=Y CMD=Y DRILL=. VS=. | eq=1(plain)
ch16         sec= 4/div LO=Y REL=Y ET=Y | uth=1 KT=. GO=Y SP=Y CMD=Y DRILL=Y VS=. | eq=1(plain)
ch17         sec= 5/div LO=Y REL=Y ET=Y | uth=1 KT=. GO=Y SP=Y CMD=Y DRILL=. VS=. | eq=1(plain)
ch18         sec= 7/div LO=Y REL=Y ET=Y | uth=1 KT=. GO=Y SP=Y CMD=Y DRILL=. VS=. | eq=1(plain)
ch19         sec= 4/div LO=Y REL=Y ET=Y | uth=1 KT=. GO=Y SP=Y CMD=Y DRILL=Y VS=. | eq=1(plain)
ch20         sec= 6/div LO=Y REL=Y ET=Y | uth=1 KT=. GO=Y SP=Y CMD=Y DRILL=Y VS=. | eq=1(plain)
ch21         sec= 4/div LO=Y REL=Y ET=Y | uth=1 KT=. GO=Y SP=Y CMD=. DRILL=Y VS=. | eq=1(plain)
ch22         sec= 6/div LO=Y REL=Y ET=Y | uth=1 KT=. GO=Y SP=Y CMD=Y DRILL=Y VS=. | eq=1(plain)
ch23         sec= 4/div LO=Y REL=Y ET=Y | uth=1 KT=. GO=Y SP=Y CMD=Y DRILL=Y VS=. | eq=1(plain)
ch24         sec= 7/div LO=Y REL=Y ET=Y | uth=1 KT=. GO=Y SP=Y CMD=. DRILL=. VS=. | eq=1(plain)
ch25         sec= 5/div LO=Y REL=Y ET=Y | uth=1 KT=. GO=Y SP=Y CMD=. DRILL=. VS=. | eq=1(plain)
ch26         sec= 5/div LO=Y REL=Y ET=Y | uth=1 KT=. GO=Y SP=Y CMD=. DRILL=Y VS=. | eq=1(plain)
ch27         sec= 4/div LO=Y REL=Y ET=Y | uth=1 KT=. GO=Y SP=Y CMD=. DRILL=Y VS=. | eq=1(plain)
ch28         sec= 4/div LO=Y REL=Y ET=Y | uth=1 KT=. GO=Y SP=Y CMD=. DRILL=. VS=. | eq=1(plain)
ch29         sec= 4/div LO=Y REL=Y ET=Y | uth=1 KT=. GO=Y SP=Y CMD=Y DRILL=Y VS=. | eq=1(plain)
ch30         sec= 3/div LO=Y REL=Y ET=Y | uth=1 KT=. GO=Y SP=Y CMD=. DRILL=Y VS=. | eq=1(plain)
ch31         sec= 4/div LO=Y REL=Y ET=Y | uth=1 KT=. GO=Y SP=Y CMD=Y DRILL=. VS=. | eq=1(plain)
ch32         sec= 4/div LO=Y REL=Y ET=. | uth=1 KT=. GO=Y SP=Y CMD=. DRILL=Y VS=. | eq=1(plain)
ch33         sec= 4/div LO=Y REL=Y ET=. | uth=1 KT=. GO=Y SP=Y CMD=. DRILL=. VS=. | eq=1(plain)
ch34         sec= 2/div LO=Y REL=Y ET=Y | uth=1 KT=. GO=Y SP=Y CMD=. DRILL=Y VS=. | eq=1(plain)
ch35         sec= 7/div LO=Y REL=Y ET=Y | uth=1 KT=. GO=Y SP=Y CMD=. DRILL=Y VS=. | eq=1(plain)
ch36         sec= 6/div LO=Y REL=Y ET=Y | uth=1 KT=. GO=Y SP=Y CMD=. DRILL=. VS=. | eq=1(plain)
ch37         sec= 6/div LO=Y REL=Y ET=Y | uth=1 KT=. GO=Y SP=Y CMD=. DRILL=Y VS=. | eq=1(plain)
ch38         sec= 8/div LO=Y REL=Y ET=Y | uth=1 KT=. GO=Y SP=Y CMD=. DRILL=. VS=. | eq=1(plain)
ch39         sec= 8/div LO=Y REL=Y ET=Y | uth=0 KT=. GO=Y SP=Y CMD=. DRILL=. VS=. | eq=1(plain)
ch40         sec= 7/div LO=Y REL=Y ET=Y | uth=0 KT=. GO=Y SP=Y CMD=. DRILL=. VS=. | eq=1(plain)
ch41         MISSING
ch42         MISSING
ch43         MISSING
ch44         MISSING
ch45         MISSING
appendix-a   sec= 7/div LO=. REL=. ET=. | uth=0 KT=. GO=Y SP=Y CMD=. DRILL=. VS=. | eq=0(-)
appendix-b   sec=12/div LO=. REL=. ET=. | uth=0 KT=. GO=Y SP=Y CMD=. DRILL=. VS=. | eq=0(-)
appendix-c   sec= 1/div LO=. REL=. ET=. | uth=0 KT=. GO=. SP=Y CMD=. DRILL=. VS=. | eq=0(-)
appendix-d   sec= 0/- LO=. REL=. ET=. | uth=0 KT=. GO=Y SP=Y CMD=Y DRILL=. VS=. | eq=0(-)
appendix-e   sec=12/div LO=. REL=. ET=. | uth=0 KT=. GO=Y SP=Y CMD=. DRILL=. VS=. | eq=0(-)
appendix-f   sec= 5/div LO=. REL=. ET=. | uth=0 KT=. GO=Y SP=Y CMD=. DRILL=. VS=. | eq=0(-)
appendix-g   sec= 0/- LO=. REL=. ET=. | uth=0 KT=. GO=Y SP=Y CMD=. DRILL=. VS=. | eq=0(-)
appendix-h   sec= 5/div LO=. REL=. ET=. | uth=0 KT=. GO=Y SP=Y CMD=. DRILL=. VS=. | eq=0(-)
appendix-i   sec= 4/div LO=. REL=. ET=. | uth=0 KT=. GO=Y SP=. CMD=Y DRILL=. VS=. | eq=0(-)